#-----------------------------------------------------------
# Vivado v2019.1 (64-bit)
# SW Build 2552052 on Fri May 24 14:49:42 MDT 2019
# IP Build 2548770 on Fri May 24 18:01:18 MDT 2019
# Start of session at: Sun Sep  8 11:42:16 2019
# Process ID: 8048
# Current directory: D:/youzq/test/Pipeline
# Command line: vivado.exe -gui_launcher_event rodinguilauncherevent36540 D:\youzq\test\Pipeline\exp04.xpr
# Log file: D:/youzq/test/Pipeline/vivado.log
# Journal file: D:/youzq/test/Pipeline\vivado.jou
#-----------------------------------------------------------
start_gui
open_project D:/youzq/test/Pipeline/exp04.xpr
update_compile_order -fileset sources_1
launch_simulation
open_wave_config D:/youzq/test/Pipeline/test_cpu_behav_sum.wcfg
source test_cpu.tcl
run 100000 ns
run 100000 ns
run 100000 ns
relaunch_sim
run 100000 ns
run 100000 ns
run 100000 ns
save_wave_config {D:/youzq/test/Pipeline/test_cpu_behav_sum.wcfg}
save_wave_config {D:/youzq/test/Pipeline/test_cpu_behav_sum.wcfg}
save_wave_config {D:/youzq/test/Pipeline/test_cpu_behav_sum.wcfg}
save_wave_config {D:/youzq/test/Pipeline/test_cpu_behav_sum.wcfg}
save_wave_config {D:/youzq/test/Pipeline/test_cpu_behav_sum.wcfg}
save_wave_config {D:/youzq/test/Pipeline/test_cpu_behav_sum.wcfg}
close_sim
close_project
open_project D:/youzq/test/Pipeline/exp04.xpr
update_compile_order -fileset sources_1
launch_simulation
open_wave_config D:/youzq/test/Pipeline/test_cpu_behav_sum.wcfg
source test_cpu.tcl
run 100000 ns
run 100000 ns
run 100000 ns
save_wave_config {D:/youzq/test/Pipeline/test_cpu_behav_sum.wcfg}
set_property -name {xsim.simulate.log_all_signals} -value {true} -objects [get_filesets sim_1]
relaunch_sim
run 100000 ns
run 100000 ns
run 100000 ns
save_wave_config {D:/youzq/test/Pipeline/test_cpu_behav_sum.wcfg}
close_sim
close_project
load_feature simulator
open_wave_database {D:/youzq/test/Pipeline/exp04.sim/sim_1/behav/xsim/test_cpu_behav.wdb}
close_sim
close_project
open_project D:/youzq/test/Pipeline/exp04.xpr
update_compile_order -fileset sources_1
launch_simulation
open_wave_config D:/youzq/test/Pipeline/test_cpu_behav_sum.wcfg
source test_cpu.tcl
run 100000 ns
run 100000 ns
run 100000 ns
close_sim
open_wave_database {D:/youzq/test/Pipeline/exp04.sim/sim_1/behav/xsim/test_cpu_behav.wdb}
reset_run synth_2
launch_runs impl_3 -to_step write_bitstream -jobs 12
wait_on_run impl_3
close_sim
