#-----------------------------------------------------------
# Vivado v2018.3 (64-bit)
# SW Build 2405991 on Thu Dec  6 23:38:27 MST 2018
# IP Build 2404404 on Fri Dec  7 01:43:56 MST 2018
# Start of session at: Sun Sep  1 21:54:19 2019
# Process ID: 17620
# Current directory: D:/youzq/Pipeline/Pipeline
# Command line: vivado.exe -gui_launcher_event rodinguilauncherevent11336 D:\youzq\Pipeline\Pipeline\exp04.xpr
# Log file: D:/youzq/Pipeline/Pipeline/vivado.log
# Journal file: D:/youzq/Pipeline/Pipeline\vivado.jou
#-----------------------------------------------------------
start_gui
open_project D:/youzq/Pipeline/Pipeline/exp04.xpr
update_compile_order -fileset sources_1
reset_run synth_2
launch_runs impl_3 -to_step write_bitstream -jobs 12
wait_on_run impl_3
set_property STEPS.PHYS_OPT_DESIGN.IS_ENABLED true [get_runs impl_3]
set_property STEPS.POST_ROUTE_PHYS_OPT_DESIGN.IS_ENABLED true [get_runs impl_3]
reset_run impl_3
launch_runs impl_3 -jobs 12
wait_on_run impl_3
launch_runs impl_3 -to_step write_bitstream -jobs 12
wait_on_run impl_3
open_hw
connect_hw_server
open_hw_target
set_property PROGRAM.FILE {D:/youzq/Pipeline/Pipeline/exp04.runs/impl_3/CPU.bit} [get_hw_devices xc7a35t_0]
current_hw_device [get_hw_devices xc7a35t_0]
refresh_hw_device -update_hw_probes false [lindex [get_hw_devices xc7a35t_0] 0]
set_property PROBES.FILE {} [get_hw_devices xc7a35t_0]
set_property FULL_PROBES.FILE {} [get_hw_devices xc7a35t_0]
set_property PROGRAM.FILE {D:/youzq/Pipeline/Pipeline/exp04.runs/impl_3/CPU.bit} [get_hw_devices xc7a35t_0]
program_hw_devices [get_hw_devices xc7a35t_0]
refresh_hw_device [lindex [get_hw_devices xc7a35t_0] 0]
save_project_as Pipeline_SIMU D:/youzq/Pipeline/Pipeline_SIMU -exclude_run_results -force
import_files
