muxpart__43: 
logic__1703: 
reg__266: 
logic__1262: 
logic__1184: 
muxpart__370: 
reg__255: 
logic__1637: 
logic__1426: 
logic__1029: 
muxpart__3: 
logic__1807: 
logic__936: 
logic__569: 
MEMWBR: 
logic__1625: 
logic__1276: 
logic__924: 
reg__3: 
case__14: 
logic__1698: 
reg__391: 
logic__1234: 
logic__153: 
logic__671: 
logic__780: 
reg__336: 
muxpart__150: 
muxpart__41: 
logic__1677: 
reg__130: 
logic__1477: 
logic__1253: 
reg__354: 
logic__117: 
logic__960: 
reg__278: 
muxpart__285: 
logic__905: 
logic__662: 
muxpart__178: 
logic__695: 
reg__488: 
logic__1406: 
reg__99: 
reg__403: 
logic__756: 
muxpart__155: 
logic__1349: 
logic__450: 
logic__1228: 
reg__292: 
logic__609: 
logic__1756: 
logic__1658: 
muxpart__337: 
logic__1661: 
muxpart__377: 
muxpart__137: 
muxpart__464: 
reg__414: 
muxpart__322: 
logic__338: 
reg__452: 
case__33: 
reg__56: 
logic__327: 
logic__1631: 
logic__272: 
ALU: 
case__23: 
reg__268: 
logic__13: 
muxpart__115: 
logic__1425: 
logic__335: 
logic__175: 
logic__1619: 
reg__21: 
logic__498: 
logic__1001: 
logic__417: 
case__51: 
muxpart__239: 
logic__49: 
muxpart__501: 
reg__106: 
logic__972: 
reg__105: 
reg__478: 
logic__1219: 
reg__366: 
muxpart__507: 
dist_mem_gen_v8_0_12_synth: 
reg__110: 
logic__341: 
muxpart__118: 
logic__929: 
logic__302: 
logic__1360: 
muxpart__92: 
muxpart__55: 
logic__1072: 
logic__1650: 
logic__1396: 
reg__147: 
logic__1476: 
muxpart__162: 
logic__1616: 
case__53: 
reg__96: 
reg__300: 
muxpart__465: 
logic__174: 
reg__211: 
reg__35: 
reg__315: 
reg__434: 
muxpart__2: 
muxpart__113: 
reg__62: 
muxpart__53: 
logic__1046: 
logic__1513: 
reg__85: 
reg__55: 
reg__155: 
muxpart__212: 
logic__899: 
logic__1063: 
logic__122: 
reg__218: 
logic__852: 
muxpart__231: 
logic__1437: 
reg__60: 
muxpart__33: 
logic__864: 
reg__200: 
logic__287: 
muxpart__353: 
logic__1704: 
logic__55: 
logic__789: 
muxpart__161: 
RegisterFile: 
logic__699: 
muxpart__413: 
muxpart__376: 
logic__726: 
logic__489: 
logic__773: 
logic__1640: 
reg__159: 
case__64: 
reg__135: 
logic__1411: 
logic__296: 
logic__1804: 
reg__297: 
logic__249: 
logic__738: 
logic__1798: 
logic__1492: 
logic__1336: 
reg__161: 
logic__1118: 
muxpart__103: 
muxpart__482: 
muxpart__366: 
muxpart__275: 
logic__1145: 
reg__574: 
logic__1683: 
case__77: 
muxpart__514: 
logic__1530: 
logic__278: 
reg__94: 
logic__309: 
logic__870: 
logic__894: 
reg__66: 
reg__194: 
muxpart__473: 
muxpart__72: 
logic__1139: 
reg__29: 
logic__235: 
logic__483: 
logic__365: 
logic__1039: 
reg__172: 
logic__1767: 
muxpart__497: 
reg__516: 
reg__419: 
reg__92: 
logic__639: 
logic__939: 
reg__289: 
logic__1277: 
logic__1159: 
reg__339: 
reg__16: 
logic__320: 
reg__23: 
logic__494: 
reg__543: 
reg__143: 
muxpart__191: 
logic__312: 
logic__1352: 
logic__1609: 
reg__527: 
reg__38: 
logic__981: 
IDEXR: 
logic__1551: 
logic__1127: 
muxpart__93: 
reg__484: 
logic__792: 
logic__275: 
muxpart__86: 
muxpart__110: 
reg__173: 
reg__426: 
logic__750: 
muxpart__522: 
logic__1473: 
logic__848: 
muxpart__199: 
case__44: 
logic__163: 
muxpart__209: 
case__3: 
case__47: 
muxpart__426: 
logic__570: 
logic__938: 
logic__563: 
logic__1761: 
reg__479: 
muxpart__91: 
muxpart__320: 
logic__1112: 
logic__1491: 
muxpart__216: 
logic__798: 
muxpart__222: 
muxpart__296: 
reg__539: 
logic__692: 
reg__187: 
logic__740: 
logic__1370: 
logic__1144: 
muxpart__195: 
muxpart__208: 
logic__1689: 
reg__276: 
logic__1378: 
case__73: 
case__34: 
logic__1545: 
logic__1449: 
logic__804: 
logic__816: 
logic__546: 
logic__854: 
reg__537: 
logic__686: 
logic__1452: 
muxpart__83: 
logic__827: 
reg__210: 
reg__298: 
logic__339: 
muxpart__114: 
logic__1527: 
reg__381: 
logic__1723: 
reg__490: 
logic__698: 
reg__107: 
logic__503: 
logic__731: 
muxpart__121: 
muxpart__452: 
logic__618: 
logic__1786: 
case__56: 
logic__920: 
reg__141: 
logic__1384: 
reg__312: 
reg__158: 
logic__1745: 
logic__654: 
reg__519: 
case__50: 
logic__1537: 
logic__1165: 
logic__1708: 
muxpart__229: 
logic__636: 
logic__656: 
muxpart__193: 
muxpart__181: 
logic__887: 
muxpart__168: 
reg__514: 
muxpart__225: 
muxpart__496: 
logic__1489: 
logic__1217: 
muxpart__160: 
reg__483: 
reg__175: 
reg__334: 
muxpart__132: 
case__1: 
reg__267: 
logic__1051: 
logic__623: 
logic__687: 
reg__440: 
muxpart__307: 
reg__468: 
logic__1066: 
logic__305: 
reg__93: 
logic__1474: 
logic__1435: 
logic__438: 
logic__1706: 
logic__1177: 
logic__837: 
muxpart__310: 
muxpart__506: 
logic__390: 
case__75: 
logic__1741: 
muxpart__293: 
logic__299: 
case__27: 
logic__914: 
logic__60: 
reg__196: 
logic__944: 
logic__401: 
logic__386: 
logic__596: 
logic__1180: 
muxpart__487: 
reg__360: 
logic__963: 
reg__265: 
logic__906: 
logic__641: 
logic__1608: 
logic__1232: 
muxpart__278: 
reg__422: 
muxpart__12: 
logic__1770: 
reg__492: 
logic__1659: 
logic__1271: 
logic__1070: 
reg__139: 
logic__1576: 
logic__1052: 
logic__1034: 
muxpart__186: 
logic__536: 
logic__678: 
reg__551: 
reg__348: 
muxpart__51: 
CPU: 
logic__1494: 
logic__782: 
logic__1358: 
logic__488: 
logic__504: 
muxpart__336: 
logic__1641: 
logic__1193: 
reg__205: 
logic__1611: 
muxpart__345: 
logic__653: 
reg__217: 
muxpart__290: 
logic__148: 
logic__293: 
logic__1582: 
muxpart__300: 
reg__54: 
reg__558: 
reg__374: 
logic__1043: 
logic__1298: 
reg__359: 
logic__768: 
logic__495: 
logic__1730: 
muxpart__201: 
reg__573: 
reg__424: 
muxpart__500: 
logic__1172: 
reg__469: 
muxpart__256: 
muxpart__219: 
EXMEMR: 
muxpart__387: 
logic__1202: 
muxpart__117: 
muxpart__368: 
logic__510: 
logic__1289: 
reg__64: 
reg__524: 
logic__306: 
reg__58: 
logic__582: 
reg__507: 
reg__68: 
logic__987: 
logic__169: 
muxpart__57: 
reg__286: 
logic__1130: 
muxpart__185: 
reg__202: 
muxpart__327: 
reg__578: 
muxpart__491: 
reg__351: 
reg__128: 
logic__1175: 
logic__344: 
logic__531: 
reg__430: 
reg__370: 
logic__1014: 
reg__561: 
muxpart__60: 
muxpart__17: 
logic__1498: 
datapath__11: 
case__24: 
muxpart__373: 
muxpart__348: 
muxpart__309: 
logic__765: 
muxpart__423: 
logic__354: 
logic__158: 
muxpart__192: 
reg__144: 
logic__414: 
logic__1274: 
muxpart__26: 
logic__1674: 
reg__386: 
logic__710: 
logic__587: 
logic__665: 
logic__1291: 
case__37: 
reg__362: 
datapath__12: 
reg__142: 
datapath__15: 
logic__152: 
muxpart__97: 
reg__198: 
reg__136: 
muxpart__68: 
logic__480: 
logic__1539: 
logic__606: 
logic__1363: 
logic__458: 
logic__716: 
muxpart__521: 
muxpart__101: 
logic__1579: 
reg__18: 
muxpart__302: 
case__28: 
logic__840: 
reg__394: 
logic__1525: 
logic__477: 
reg__477: 
logic__99: 
reg__44: 
logic__1431: 
logic__474: 
logic__1235: 
logic__900: 
reg__350: 
logic__1668: 
muxpart__138: 
logic__521: 
reg__390: 
logic__34: 
logic__1572: 
logic__501: 
logic__528: 
logic__1440: 
muxpart__477: 
reg__410: 
logic__1084: 
logic__932: 
logic__1686: 
logic__855: 
reg__344: 
muxpart__472: 
reg__467: 
logic__1023: 
reg__458: 
reg__295: 
logic__599: 
logic__1775: 
logic__725: 
logic__1124: 
muxpart__233: 
logic__290: 
logic__1: 
reg__443: 
muxpart__144: 
reg__36: 
muxpart__303: 
logic__324: 
logic__1600: 
reg__444: 
logic__734: 
muxpart__151: 
logic__1373: 
case__57: 
reg__279: 
logic__1256: 
logic__323: 
logic__1174: 
reg__510: 
muxpart__446: 
reg__321: 
logic__1742: 
reg__28: 
logic__767: 
case__58: 
muxpart__78: 
logic__737: 
reg__311: 
reg__203: 
logic__926: 
reg__579: 
reg__513: 
logic__513: 
muxpart__418: 
reg__280: 
logic__888: 
PC: 
muxpart__341: 
logic__1531: 
logic__25: 
muxpart__356: 
logic__1115: 
reg__241: 
datapath__20: 
logic__226: 
muxpart__476: 
reg__497: 
logic__1010: 
logic__828: 
reg__215: 
logic__377: 
logic__1485: 
logic__1244: 
logic__1322: 
logic__581: 
reg__395: 
muxpart__107: 
datapath__16: 
muxpart__105: 
case__36: 
logic__1536: 
reg__385: 
logic__974: 
logic__935: 
muxpart__283: 
muxpart__325: 
muxpart__495: 
logic__151: 
logic__573: 
reg__149: 
reg__412: 
muxpart__106: 
datapath__10: 
logic__810: 
muxpart__251: 
reg__31: 
muxpart__224: 
logic__831: 
reg__59: 
logic__878: 
reg__10: 
muxpart__459: 
logic__500: 
reg__493: 
logic__1069: 
muxpart__7: 
reg__63: 
logic__1367: 
logic__806: 
logic__1727: 
logic__1419: 
logic__893: 
logic__11: 
reg__480: 
logic__1402: 
logic__1342: 
reg__313: 
logic__762: 
logic__1495: 
reg__248: 
muxpart__227: 
reg__245: 
case__12: 
logic__1321: 
reg__528: 
muxpart__321: 
logic__456: 
muxpart__235: 
logic__1412: 
ALUControl: 
muxpart__470: 
logic__1148: 
logic__645: 
logic__951: 
reg__49: 
logic__1594: 
logic__1013: 
logic__539: 
muxpart__34: 
logic__896: 
logic__779: 
reg__310: 
logic__1564: 
muxpart__414: 
reg__281: 
muxpart__16: 
reg__531: 
logic__668: 
reg__523: 
logic__342: 
reg__509: 
reg__368: 
logic__1141: 
logic__1011: 
logic__869: 
muxpart__267: 
muxpart__259: 
case__9: 
logic__588: 
logic__1715: 
logic__16: 
logic__903: 
logic__1653: 
muxpart__174: 
logic__1060: 
muxpart__364: 
reg__74: 
reg__425: 
reg__304: 
logic__146: 
muxpart__236: 
reg__76: 
reg__521: 
logic__627: 
muxpart__240: 
logic__941: 
logic__575: 
logic__1578: 
reg__349: 
logic__1147: 
logic__1762: 
logic__1597: 
muxpart__405: 
reg__431: 
reg__111: 
muxpart__367: 
logic__321: 
logic__142: 
reg__115: 
logic__1791: 
logic__1432: 
muxpart__198: 
reg__369: 
logic__632: 
case__21: 
logic__959: 
reg__249: 
logic__21: 
reg__544: 
logic__1634: 
muxpart__451: 
muxpart__448: 
logic__1181: 
muxpart: 
muxpart__488: 
logic__1560: 
logic__56: 
logic__684: 
logic__1441: 
reg__229: 
logic__524: 
logic__881: 
reg__446: 
logic__1216: 
logic__384: 
reg__167: 
logic__253: 
muxpart__159: 
logic__1605: 
logic__1455: 
muxpart__220: 
logic__1486: 
reg__237: 
logic__677: 
logic__560: 
muxpart__189: 
reg__221: 
reg__555: 
muxpart__350: 
muxpart__48: 
logic__600: 
logic__1548: 
muxpart__190: 
muxpart__263: 
muxpart__112: 
logic__1524: 
logic__921: 
logic__260: 
logic__561: 
reg__577: 
muxpart__393: 
reg__90: 
reg__153: 
logic__1337: 
logic__1121: 
muxpart__269: 
logic__150: 
reg__8: 
reg__52: 
logic__485: 
logic__134: 
reg__324: 
case__67: 
reg__98: 
muxpart__479: 
logic__1306: 
logic__1017: 
logic__9: 
logic__1649: 
logic__1075: 
logic__1087: 
case__38: 
logic__1673: 
muxpart__176: 
case__59: 
reg__383: 
rom: 
reg__536: 
muxpart__228: 
case__40: 
case__70: 
logic__1726: 
logic__707: 
logic__308: 
logic__783: 
logic__1126: 
logic__491: 
muxpart__463: 
muxpart__433: 
logic__1590: 
muxpart__340: 
reg__186: 
logic__300: 
logic__1295: 
muxpart__54: 
reg__243: 
muxpart__311: 
logic__1178: 
logic__1784: 
logic__717: 
logic__1599: 
reg__178: 
reg__502: 
muxpart__152: 
logic__284: 
muxpart__503: 
muxpart__369: 
logic__1241: 
logic__965: 
datapath__18: 
logic__567: 
reg__164: 
logic__621: 
logic__1622: 
reg__398: 
reg__45: 
reg__228: 
muxpart__244: 
logic__693: 
logic__872: 
SortData: 
logic__1132: 
logic__1133: 
reg__532: 
logic__201: 
reg__27: 
logic__1543: 
reg__47: 
logic__1154: 
ForwardingUnit: 
logic__267: 
muxpart__436: 
logic__1403: 
reg__273: 
reg__341: 
logic__1803: 
logic__378: 
reg__541: 
reg__457: 
reg__117: 
reg__435: 
logic__1002: 
reg__301: 
logic__164: 
logic__1614: 
reg__389: 
logic__432: 
muxpart__133: 
logic__1385: 
reg__570: 
muxpart__372: 
logic__188: 
muxpart__62: 
reg__303: 
case__31: 
logic__473: 
logic__530: 
logic__1283: 
logic__800: 
logic__1100: 
reg__252: 
datapath__7: 
muxpart__88: 
ID: 
muxpart__429: 
logic__1252: 
reg__251: 
muxpart__329: 
reg__199: 
reg__83: 
logic__1097: 
muxpart__344: 
logic__933: 
logic__383: 
logic__729: 
logic__350: 
logic__1575: 
logic__165: 
reg__329: 
reg__436: 
muxpart__122: 
muxpart__410: 
muxpart__313: 
logic__173: 
reg__195: 
muxpart__289: 
logic__1067: 
muxpart__326: 
muxpart__458: 
muxpart__210: 
reg__41: 
logic__911: 
muxpart__28: 
reg__61: 
logic__543: 
muxpart__421: 
muxpart__349: 
reg__11: 
logic__1790: 
logic__1091: 
logic__1376: 
reg__102: 
logic__1751: 
muxpart__286: 
muxpart__279: 
logic__1055: 
logic__549: 
logic__857: 
logic__1764: 
muxpart__439: 
logic__191: 
reg__219: 
logic__1351: 
reg__518: 
logic__155: 
reg__453: 
logic__1405: 
muxpart__330: 
muxpart__129: 
logic__755: 
logic__408: 
logic__1748: 
reg__291: 
logic__231: 
reg__396: 
reg__308: 
muxpart__71: 
muxpart__357: 
muxpart__332: 
case__18: 
reg__264: 
reg__548: 
reg__402: 
logic__1632: 
logic__245: 
MEM: 
reg__511: 
logic__20: 
logic__1372: 
reg__553: 
reg__413: 
logic__1285: 
case__60: 
reg__160: 
logic__1310: 
logic__181: 
muxpart__447: 
logic__68: 
logic__744: 
logic__1120: 
logic__1094: 
logic__540: 
muxpart__486: 
logic__1204: 
logic__398: 
reg__82: 
logic__1189: 
reg__57: 
reg__176: 
logic__1667: 
logic__1312: 
logic__1109: 
muxpart__333: 
reg__34: 
muxpart__354: 
reg__375: 
logic__413: 
logic__803: 
logic__1685: 
logic__1521: 
logic__1458: 
logic__1429: 
reg__236: 
muxpart__422: 
muxpart__268: 
reg__277: 
muxpart__21: 
logic__202: 
logic__791: 
logic__154: 
logic__537: 
logic__440: 
logic__1243: 
logic__996: 
logic__443: 
logic__602: 
IF: 
reg__533: 
muxpart__471: 
case__13: 
muxpart__221: 
reg__460: 
reg__512: 
logic__1357: 
reg__542: 
logic__1162: 
muxpart__172: 
datapath__9: 
logic__1237: 
logic__992: 
logic__1282: 
logic__1111: 
logic__147: 
muxpart__205: 
muxpart__111: 
logic__144: 
logic__620: 
reg__152: 
logic__1676: 
logic__1444: 
muxpart__380: 
reg__379: 
logic__1714: 
logic__452: 
case__2: 
muxpart__188: 
datapath__2: 
logic__1231: 
reg__363: 
logic__471: 
logic__317: 
reg__564: 
reg__534: 
reg__495: 
muxpart__304: 
logic__1446: 
logic__1343: 
muxpart__352: 
muxpart__184: 
reg__24: 
logic__705: 
logic__758: 
muxpart__108: 
muxpart__415: 
reg__254: 
logic__579: 
logic__1470: 
muxpart__343: 
logic__533: 
reg__448: 
logic__1058: 
muxpart__202: 
reg__325: 
reg__7: 
muxpart__432: 
muxpart__141: 
reg__73: 
logic__801: 
logic__497: 
reg__220: 
reg__355: 
logic__548: 
logic__1563: 
case__5: 
logic__971: 
logic__375: 
logic__1721: 
logic__1682: 
logic__1512: 
reg__72: 
logic__711: 
logic__1292: 
muxpart__280: 
muxpart__47: 
reg__407: 
reg__154: 
logic__1558: 
muxpart__400: 
muxpart__365: 
reg__261: 
muxpart__409: 
reg__269: 
logic__1324: 
reg__546: 
logic__479: 
muxpart__518: 
reg__46: 
muxpart__39: 
logic__593: 
reg__482: 
reg__475: 
logic__1399: 
logic__482: 
logic__689: 
reg__185: 
muxpart__61: 
logic__564: 
logic__357: 
logic__1789: 
logic__1255: 
muxpart__127: 
reg__213: 
reg__400: 
reg__377: 
muxpart__27: 
case__42: 
logic__1190: 
logic__1171: 
reg__13: 
WB: 
logic__764: 
reg__476: 
muxpart__143: 
logic__1327: 
logic__1461: 
logic__1303: 
logic__1557: 
muxpart__441: 
muxpart__346: 
logic__1542: 
reg__233: 
logic__1007: 
logic__746: 
logic__1603: 
reg__67: 
reg__168: 
reg__486: 
logic__127: 
logic__205: 
logic__1602: 
reg__489: 
logic__459: 
logic__1434: 
logic__170: 
logic__1340: 
reg__340: 
muxpart__146: 
logic__507: 
logic__930: 
logic__993: 
logic__966: 
logic__244: 
reg__449: 
muxpart__318: 
muxpart__271: 
logic__635: 
reg__134: 
muxpart__440: 
muxpart__95: 
logic__149: 
logic__425: 
muxpart__314: 
reg__356: 
reg__285: 
logic__516: 
muxpart__40: 
muxpart__404: 
logic__1420: 
reg__559: 
logic__1114: 
reg__121: 
reg__373: 
logic__1106: 
muxpart__19: 
logic__288: 
logic__702: 
reg__151: 
logic__1462: 
logic__393: 
muxpart__460: 
logic__1049: 
logic__1103: 
reg__214: 
reg__191: 
muxpart__31: 
logic__617: 
logic__219: 
logic__1286: 
reg__222: 
muxpart__135: 
logic__722: 
reg__464: 
reg__288: 
reg__571: 
muxpart__427: 
logic__1736: 
muxpart__502: 
logic__1042: 
muxpart__207: 
reg__302: 
reg__290: 
logic__1076: 
logic__410: 
InstructionMemory: 
muxpart__45: 
logic__76: 
logic__1561: 
reg__338: 
muxpart__379: 
logic__318: 
logic__882: 
muxpart__59: 
muxpart__187: 
reg__227: 
logic__80: 
logic__624: 
muxpart__437: 
logic__714: 
muxpart__338: 
logic__1387: 
muxpart__382: 
datapath__8: 
muxpart__157: 
logic__1644: 
logic__1364: 
reg__451: 
muxpart__82: 
reg__170: 
case__46: 
logic__1773: 
reg__439: 
reg__552: 
logic__1501: 
muxpart__266: 
logic__542: 
reg__103: 
logic__63: 
logic__45: 
logic__195: 
logic__315: 
muxpart__109: 
logic__918: 
reg__33: 
muxpart__475: 
logic__1792: 
muxpart__513: 
logic__1422: 
reg__405: 
reg__572: 
reg__501: 
logic__1793: 
logic__1331: 
logic__927: 
logic__102: 
logic__989: 
logic__50: 
logic__1334: 
reg__397: 
logic__776: 
muxpart__145: 
muxpart__308: 
reg__204: 
logic__461: 
muxpart__519: 
reg__508: 
logic__1348: 
logic__845: 
logic__1483: 
logic__1153: 
logic__1361: 
muxpart__76: 
reg__271: 
logic__1388: 
reg__145: 
logic__590: 
logic__381: 
reg__378: 
logic__861: 
logic__1629: 
reg__393: 
muxpart__297: 
reg__322: 
muxpart__457: 
muxpart__254: 
logic__1733: 
logic__1768: 
logic__1279: 
logic__558: 
logic__467: 
muxpart__52: 
case__65: 
logic__555: 
reg__272: 
logic__1581: 
case__66: 
reg__4: 
muxpart__265: 
reg__296: 
muxpart__131: 
reg__109: 
logic__681: 
logic__879: 
reg__342: 
case__61: 
reg__146: 
muxpart__504: 
logic__945: 
logic__866: 
logic__1390: 
reg__565: 
muxpart__274: 
logic__1759: 
logic__884: 
reg__53: 
logic__441: 
logic__332: 
muxpart__468: 
logic__1198: 
muxpart__63: 
logic__435: 
reg__560: 
logic__578: 
muxpart__169: 
logic__1570: 
case__72: 
logic__1226: 
reg__40: 
datapath__19: 
muxpart__164: 
logic__206: 
logic__1533: 
reg__387: 
reg__235: 
logic__1620: 
reg__156: 
muxpart__66: 
HazardJumpUnit: 
logic__552: 
logic__48: 
reg__474: 
logic__1309: 
logic__1394: 
reg__19: 
logic__659: 
logic__915: 
logic__1709: 
reg__320: 
logic__1054: 
reg__192: 
logic__1150: 
logic__720: 
logic__650: 
logic__597: 
logic__696: 
muxpart__449: 
reg__240: 
case__68: 
logic__362: 
logic__1671: 
logic__1480: 
logic__630: 
logic__867: 
logic__109: 
logic__1670: 
logic__1229: 
logic__214: 
logic__1758: 
muxpart__120: 
muxpart__6: 
muxpart__363: 
case__29: 
reg__580: 
logic__1540: 
reg__399: 
logic__713: 
logic__1617: 
reg__326: 
logic__1268: 
reg__307: 
logic__995: 
reg__347: 
muxpart__287: 
reg__206: 
muxpart__217: 
logic__786: 
logic__576: 
logic__416: 
reg__51: 
reg__177: 
reg__481: 
muxpart__30: 
IFIDR: 
muxpart__499: 
logic__1510: 
logic__1297: 
logic__1036: 
logic__858: 
logic__611: 
muxpart__444: 
logic__143: 
muxpart__317: 
logic__252: 
logic__353: 
logic__719: 
logic__663: 
reg__411: 
logic__527: 
muxpart__390: 
case__48: 
logic__179: 
logic__1328: 
logic__813: 
logic__1211: 
logic__43: 
reg__100: 
logic__885: 
muxpart__391: 
muxpart__258: 
logic__1008: 
reg__226: 
reg__305: 
reg__108: 
reg: 
reg__225: 
logic__1643: 
logic__818: 
reg__333: 
logic__294: 
logic__788: 
case__4: 
logic__534: 
muxpart__417: 
logic__1246: 
logic__1428: 
logic__1339: 
logic__1258: 
muxpart__153: 
muxpart__412: 
muxpart__509: 
reg__337: 
case__30: 
logic__1752: 
logic__314: 
reg__79: 
logic__1382: 
reg__408: 
reg__263: 
reg__71: 
logic__156: 
muxpart__223: 
reg__299: 
muxpart__73: 
logic__891: 
muxpart__512: 
muxpart__517: 
muxpart__15: 
muxpart__5: 
logic__902: 
logic__1199: 
muxpart__255: 
muxpart__284: 
muxpart__116: 
muxpart__520: 
logic__1138: 
muxpart__248: 
muxpart__206: 
logic__285: 
logic__1626: 
logic__167: 
logic__303: 
reg__81: 
logic__396: 
muxpart__301: 
reg__184: 
muxpart__243: 
reg__472: 
reg__332: 
muxpart__69: 
reg__75: 
logic__1679: 
logic__239: 
logic__809: 
logic__1117: 
logic__957: 
logic__72: 
muxpart__378: 
logic__1635: 
reg__417: 
logic__1479: 
reg__287: 
logic__360: 
muxpart__508: 
logic__608: 
logic__330: 
logic__525: 
logic__1662: 
logic__1459: 
logic__1187: 
muxpart__469: 
muxpart__395: 
logic__1391: 
logic__980: 
muxpart__273: 
muxpart__474: 
reg__463: 
logic__984: 
logic__369: 
reg__471: 
muxpart__399: 
muxpart__295: 
muxpart__262: 
muxpart__183: 
reg__465: 
logic__1267: 
logic__648: 
reg__462: 
muxpart__214: 
logic__422: 
reg__197: 
reg__499: 
reg__392: 
reg__230: 
muxpart__4: 
logic__1717: 
reg__50: 
case__11: 
reg__575: 
reg__182: 
logic__557: 
logic__1694: 
reg__418: 
muxpart__23: 
muxpart__401: 
muxpart__218: 
muxpart__246: 
logic__1096: 
reg__137: 
logic__160: 
muxpart__361: 
logic__366: 
reg__496: 
muxpart__408: 
datapath__14: 
logic__1606: 
muxpart__425: 
logic__1482: 
muxpart__24: 
logic__265: 
reg__535: 
reg__388: 
logic__333: 
reg__328: 
logic__270: 
logic__1300: 
muxpart__288: 
reg__119: 
logic__629: 
logic__347: 
muxpart__148: 
logic__749: 
reg__520: 
reg__371: 
logic__1019: 
logic__723: 
muxpart__381: 
logic__956: 
muxpart__96: 
logic__674: 
logic__1037: 
muxpart__261: 
logic__420: 
reg__563: 
logic__1701: 
logic__429: 
logic__1584: 
logic__843: 
reg__223: 
reg__112: 
logic__1355: 
muxpart__74: 
logic__1099: 
datapath__1: 
case__32: 
logic__453: 
logic__633: 
logic__1695: 
logic__1381: 
reg__429: 
logic__411: 
muxpart__420: 
case__15: 
muxpart__396: 
logic__1447: 
reg__330: 
logic__1781: 
logic__1554: 
logic__1646: 
reg__556: 
muxpart__493: 
muxpart__270: 
case__45: 
logic__444: 
logic__44: 
muxpart__18: 
muxpart__291: 
logic__455: 
muxpart__46: 
reg__190: 
reg__470: 
muxpart__328: 
logic__1408: 
muxpart__242: 
logic__1423: 
logic__1213: 
logic__1016: 
logic__1765: 
logic__777: 
logic__1797: 
logic__1273: 
muxpart__142: 
muxpart__126: 
reg__550: 
reg__87: 
muxpart__37: 
muxpart__478: 
logic__359: 
reg__208: 
logic__108: 
muxpart__247: 
reg__293: 
logic__821: 
logic__1186: 
muxpart__102: 
dist_mem_gen_v8_0_12: 
muxpart__480: 
logic__1301: 
logic__1591: 
logic__642: 
reg__404: 
logic__1802: 
logic__1655: 
logic__968: 
reg__113: 
muxpart__462: 
logic__1261: 
logic__1005: 
muxpart__180: 
muxpart__454: 
logic__1123: 
logic__1587: 
reg__473: 
muxpart__524: 
reg__380: 
reg__131: 
logic__1697: 
logic__1136: 
logic__953: 
case__16: 
logic__1409: 
reg__461: 
logic__402: 
logic__954: 
logic__1516: 
muxpart__119: 
logic__672: 
case__43: 
reg__432: 
muxpart__253: 
reg__148: 
reg__65: 
muxpart__434: 
reg__376: 
logic__1207: 
logic__1064: 
reg__122: 
logic__351: 
reg__2: 
reg__487: 
logic__509: 
logic__1774: 
reg__545: 
logic__1288: 
muxpart__32: 
reg__209: 
reg__174: 
reg__132: 
reg__568: 
logic__1225: 
reg__169: 
logic__1259: 
logic__774: 
logic__594: 
logic__404: 
logic__1785: 
logic__2: 
muxpart__90: 
muxpart__64: 
logic__1638: 
muxpart__335: 
muxpart__241: 
logic__363: 
logic__166: 
muxpart__334: 
logic__1160: 
logic__612: 
logic__660: 
reg__364: 
reg__437: 
logic__1623: 
logic__399: 
logic__1443: 
logic__873: 
logic__1307: 
muxpart__319: 
logic__512: 
muxpart__139: 
muxpart__20: 
logic__1333: 
logic__1201: 
muxpart__156: 
logic__1691: 
logic__26: 
muxpart__292: 
reg__274: 
muxpart__149: 
muxpart__510: 
reg__258: 
datapath: 
muxpart__11: 
muxpart__383: 
logic__1247: 
logic__863: 
logic__794: 
muxpart__276: 
logic__368: 
datapath__3: 
muxpart__136: 
reg__438: 
logic__1400: 
logic__1040: 
reg__365: 
reg__569: 
muxpart__385: 
logic__1057: 
case__69: 
logic: 
muxpart__492: 
logic__1500: 
muxpart__375: 
logic__942: 
logic__1240: 
logic__753: 
logic__356: 
muxpart__200: 
logic__145: 
reg__294: 
reg__549: 
logic__1497: 
logic__1078: 
reg__275: 
logic__1214: 
reg__505: 
logic__1151: 
logic__168: 
reg__420: 
logic__223: 
logic__1397: 
reg__345: 
logic__669: 
logic__279: 
reg__562: 
muxpart__511: 
muxpart__323: 
logic__291: 
logic__846: 
logic__876: 
logic__851: 
reg__498: 
logic__1438: 
reg__353: 
reg__26: 
case__55: 
reg__526: 
logic__1652: 
logic__1700: 
logic__1724: 
muxpart__407: 
muxpart__453: 
logic__348: 
muxpart__29: 
reg__39: 
logic__605: 
logic__626: 
logic__1753: 
reg__352: 
reg__14: 
logic__1264: 
logic__1718: 
logic__1238: 
muxpart__252: 
logic__675: 
reg__133: 
muxpart__402: 
logic__35: 
logic__434: 
logic__644: 
case__39: 
logic__1294: 
muxpart__81: 
logic__1593: 
logic__1220: 
reg__127: 
logic__522: 
reg__239: 
reg__5: 
logic__159: 
muxpart__49: 
logic__1738: 
logic__10: 
muxpart__505: 
reg__189: 
reg__84: 
muxpart__36: 
logic__1418: 
muxpart__234: 
logic__759: 
logic__1782: 
logic__1779: 
reg__17: 
logic__1776: 
muxpart__204: 
muxpart__128: 
muxpart__394: 
reg__120: 
reg__567: 
logic__171: 
reg__554: 
logic__1628: 
logic__1196: 
muxpart__406: 
reg__401: 
reg__97: 
logic__336: 
case__74: 
logic__785: 
logic__1346: 
muxpart__79: 
reg__150: 
reg__181: 
muxpart__44: 
logic__947: 
muxpart__305: 
reg__253: 
reg__515: 
logic__830: 
reg__238: 
logic__465: 
logic__1369: 
logic__683: 
logic__515: 
logic__962: 
reg__459: 
muxpart__84: 
muxpart__450: 
logic__1747: 
reg__415: 
logic__519: 
logic__329: 
logic__999: 
reg__270: 
logic__708: 
reg__30: 
logic__266: 
reg__188: 
datapath__6: 
muxpart__371: 
muxpart__165: 
case__22: 
muxpart__58: 
logic__819: 
logic__1081: 
logic__986: 
logic__128: 
logic__1102: 
reg__125: 
reg__80: 
muxpart__104: 
muxpart__315: 
logic__836: 
logic__476: 
muxpart__203: 
logic__1166: 
reg__116: 
muxpart__384: 
case__78: 
muxpart__351: 
muxpart__430: 
reg__284: 
logic__1079: 
muxpart__94: 
muxpart__158: 
logic__446: 
reg__9: 
reg__250: 
case__71: 
logic__447: 
reg__335: 
logic__1025: 
reg__183: 
muxpart__237: 
logic__227: 
muxpart__170: 
logic__1208: 
logic__807: 
logic__1566: 
reg__319: 
reg__309: 
logic__666: 
muxpart__130: 
logic__1546: 
muxpart__197: 
muxpart__490: 
logic__462: 
reg__283: 
reg__77: 
logic__1169: 
muxpart__249: 
muxpart__154: 
logic__12: 
muxpart__264: 
logic__1555: 
logic__81: 
logic__1471: 
logic__849: 
logic__1507: 
muxpart__411: 
logic__1647: 
logic__969: 
muxpart__67: 
logic__423: 
reg__166: 
muxpart__360: 
reg__234: 
reg__78: 
logic__1665: 
logic__1035: 
muxpart__56: 
muxpart__494: 
logic__1415: 
datapath__17: 
logic__1223: 
logic__917: 
logic__139: 
muxpart__306: 
logic__196: 
muxpart__483: 
logic__1518: 
logic__1503: 
muxpart__294: 
muxpart__196: 
muxpart__232: 
muxpart__358: 
logic__374: 
logic__909: 
muxpart__435: 
logic__311: 
case__41: 
logic__1729: 
logic__464: 
logic__194: 
logic__470: 
counter: 
logic__1156: 
logic__890: 
logic__449: 
logic__518: 
reg__257: 
logic__1073: 
muxpart__298: 
reg__20: 
logic__977: 
logic__238: 
logic__1467: 
case__19: 
reg__259: 
reg__576: 
logic__551: 
reg__165: 
logic__1787: 
logic__1393: 
logic__395: 
logic__1135: 
muxpart__9: 
datapath__5: 
logic__1319: 
muxpart__163: 
muxpart__359: 
reg__318: 
muxpart__213: 
logic__345: 
logic__1509: 
muxpart__389: 
muxpart__167: 
reg__529: 
logic__1534: 
muxpart__245: 
logic__1771: 
muxpart__347: 
logic__875: 
reg__456: 
reg__48: 
reg__260: 
reg__22: 
reg__246: 
logic__1105: 
muxpart__125: 
muxpart__485: 
logic__978: 
logic__172: 
logic__1417: 
muxpart__14: 
logic__1506: 
reg__427: 
logic__437: 
muxpart__416: 
muxpart__312: 
muxpart__124: 
logic__615: 
logic__1265: 
logic__1249: 
reg__162: 
reg__282: 
logic__1375: 
logic__161: 
muxpart__177: 
logic__1744: 
muxpart__484: 
logic__1318: 
muxpart__226: 
logic__701: 
logic__428: 
logic__389: 
logic__282: 
case__26: 
muxpart__362: 
reg__104: 
logic__1205: 
logic__24: 
reg__163: 
case: 
reg__494: 
muxpart__442: 
reg__193: 
reg__15: 
logic__1488: 
muxpart__397: 
reg__416: 
logic__371: 
logic__680: 
logic__1569: 
muxpart__123: 
logic__815: 
reg__357: 
logic__1085: 
reg__242: 
logic__833: 
reg__180: 
muxpart__316: 
logic__1022: 
muxpart__70: 
logic__86: 
logic__591: 
logic__1549: 
logic__1082: 
muxpart__147: 
logic__257: 
reg__89: 
muxpart__140: 
logic__842: 
logic__1129: 
muxpart__8: 
logic__1414: 
logic__1250: 
muxpart__42: 
logic__1712: 
logic__178: 
case__10: 
logic__506: 
muxpart__523: 
muxpart__398: 
muxpart__355: 
logic__743: 
Control: 
logic__912: 
muxpart__230: 
muxpart__466: 
logic__1354: 
logic__741: 
reg__157: 
logic__387: 
logic__824: 
logic__1315: 
reg__32: 
reg__441: 
muxpart__166: 
logic__584: 
reg__224: 
logic__1168: 
reg__262: 
muxpart__277: 
reg__126: 
logic__747: 
logic__1778: 
logic__297: 
logic__812: 
logic__1048: 
reg__256: 
reg__445: 
reg__406: 
logic__209: 
reg__207: 
logic__839: 
muxpart__467: 
muxpart__215: 
logic__1732: 
muxpart__374: 
logic__975: 
muxpart__461: 
reg__316: 
case__25: 
reg__306: 
reg__43: 
logic__1519: 
muxpart__89: 
reg__346: 
reg__506: 
muxpart__445: 
reg__361: 
muxpart__282: 
logic__566: 
logic__554: 
logic__281: 
reg__442: 
reg__331: 
logic__1316: 
logic__1157: 
logic__1088: 
muxpart__171: 
reg__466: 
logic__770: 
logic__998: 
reg__231: 
reg__138: 
muxpart__438: 
reg__244: 
logic__126: 
case__52: 
logic__1280: 
muxpart__65: 
logic__1801: 
reg__455: 
logic__1453: 
reg__372: 
logic__1528: 
reg__522: 
reg__367: 
logic__603: 
logic__405: 
logic__1004: 
logic__983: 
logic__638: 
logic__162: 
logic__614: 
reg__421: 
muxpart__272: 
logic__273: 
case__49: 
muxpart__98: 
muxpart__342: 
logic__468: 
logic__419: 
logic__57: 
logic__950: 
logic__486: 
muxpart__525: 
logic__1515: 
reg__450: 
logic__1610: 
reg__433: 
reg__447: 
logic__1163: 
logic__908: 
reg__538: 
reg__212: 
muxpart__339: 
logic__1688: 
logic__1304: 
reg__314: 
muxpart__182: 
reg__530: 
logic__822: 
reg__491: 
muxpart__87: 
logic__407: 
reg__88: 
case__54: 
logic__1656: 
logic__1325: 
muxpart__99: 
muxpart__80: 
reg__517: 
logic__1468: 
logic__218: 
logic__860: 
case__7: 
reg__566: 
logic__1711: 
muxpart__428: 
logic__210: 
logic__1613: 
reg__485: 
reg__37: 
muxpart__100: 
SortData_dist_mem_gen_0_0: 
logic__1596: 
logic__752: 
logic__1465: 
muxpart__134: 
reg__124: 
muxpart__38: 
logic__1330: 
logic__426: 
DataMemory: 
EX: 
logic__834: 
logic__1750: 
logic__1664: 
reg__114: 
muxpart__35: 
logic__1573: 
logic__1210: 
reg__129: 
reg__423: 
muxpart__250: 
muxpart__77: 
reg__358: 
muxpart__281: 
muxpart__516: 
muxpart__431: 
logic__585: 
logic__1720: 
logic__897: 
reg__428: 
reg__25: 
muxpart__403: 
logic__657: 
logic__1552: 
muxpart__299: 
logic__704: 
muxpart__238: 
reg__91: 
muxpart__331: 
logic__1504: 
logic__1345: 
case__76: 
reg__42: 
muxpart__515: 
muxpart__481: 
logic__431: 
muxpart__443: 
logic__1031: 
logic__1028: 
logic__948: 
muxpart__175: 
logic__135: 
reg__343: 
muxpart__388: 
logic__797: 
logic__825: 
reg__232: 
logic__1739: 
muxpart__392: 
logic__1026: 
logic__1456: 
logic__771: 
datapath__4: 
reg__247: 
logic__545: 
logic__1735: 
logic__1313: 
logic__1270: 
logic__1522: 
reg__95: 
muxpart__498: 
reg__317: 
reg__201: 
logic__326: 
muxpart__173: 
reg__525: 
logic__1183: 
reg__118: 
logic__392: 
logic__1705: 
reg__216: 
muxpart__456: 
logic__1588: 
reg__540: 
muxpart__257: 
reg__409: 
logic__1195: 
logic__1020: 
logic__690: 
rom__1: 
logic__647: 
logic__1093: 
logic__1090: 
muxpart__526: 
reg__69: 
logic__572: 
logic__1464: 
logic__1045: 
datapath__13: 
logic__1680: 
logic__923: 
logic__1794: 
reg__179: 
reg__123: 
logic__735: 
muxpart__424: 
muxpart__489: 
logic__1379: 
logic__651: 
reg__504: 
reg__384: 
muxpart__324: 
muxpart__260: 
muxpart__22: 
logic__105: 
logic__1755: 
muxpart__211: 
logic__157: 
logic__1366: 
muxpart__25: 
case__17: 
logic__492: 
muxpart__386: 
muxpart__50: 
logic__761: 
logic__276: 
reg__382: 
muxpart__455: 
logic__380: 
reg__140: 
muxpart__85: 
logic__112: 
reg__547: 
reg__503: 
case__63: 
logic__1061: 
logic__732: 
logic__87: 
reg__6: 
muxpart__75: 
logic__1222: 
logic__1032: 
muxpart__194: 
logic__1192: 
logic__1585: 
reg__70: 
muxpart__179: 
reg__12: 
reg__500: 
logic__990: 
reg__557: 
reg__454: 
reg__86: 
logic__1796: 
logic__1108: 
reg__171: 
logic__372: 
reg__101: 
muxpart__419: 
logic__1567: 
logic__1692: 
logic__1450: 
reg__1: 
logic__1142: 
logic__728: 
reg__323: 
logic__795: 
reg__327: 
case__35: 
